// Jest Snapshot v1, https://goo.gl/fbAQLP

exports[`renders Collection details unchanged 1`] = `
<div>
  <div
    class="css-2rlxtj"
  >
    <div
      class="css-3mllz6"
    >
      <div
        class="css-0"
      >
        <button
          aria-controls="menu-list-4"
          aria-expanded="false"
          aria-haspopup="menu"
          class="chakra-button chakra-menu__menu-button css-5c2176"
          id="menu-button-4"
          type="button"
        >
          <span
            class="css-xl71ch"
          />
          <span
            class="chakra-button__icon css-1hzyiq5"
          >
            <svg
              aria-hidden="true"
              fill="none"
              focusable="false"
              height="16"
              stroke="currentColor"
              stroke-linecap="round"
              stroke-linejoin="round"
              stroke-width="2"
              viewBox="0 0 24 24"
              width="16"
              xmlns="http://www.w3.org/2000/svg"
            >
              <polyline
                points="6 9 12 15 18 9"
              />
            </svg>
          </span>
        </button>
        <div
          class="css-0"
          style="visibility: hidden; position: absolute; min-width: max-content; inset: 0 auto auto 0;"
        >
          <div
            aria-orientation="vertical"
            class="chakra-menu__menu-list css-sjt5nk"
            id="menu-list-4"
            role="menu"
            style="transform-origin: var(--popper-transform-origin); opacity: 0; visibility: hidden; transform: scale(0.8) translateZ(0);"
            tabindex="-1"
          >
            <button
              class="chakra-menu__menuitem css-1k756t9"
              data-index="0"
              id="menu-list-4-menuitem-1"
              role="menuitem"
              tabindex="-1"
              type="button"
            >
              <span
                class="chakra-menu__icon-wrapper css-15v20fh"
              >
                <svg
                  aria-hidden="true"
                  class="chakra-menu__icon"
                  fill="none"
                  focusable="false"
                  height="16"
                  stroke="currentColor"
                  stroke-linecap="round"
                  stroke-linejoin="round"
                  stroke-width="2"
                  viewBox="0 0 24 24"
                  width="16"
                  xmlns="http://www.w3.org/2000/svg"
                >
                  <path
                    d="M17 3a2.828 2.828 0 1 1 4 4L7.5 20.5 2 22l1.5-5.5L17 3z"
                  />
                </svg>
              </span>
              <span
                style="pointer-events: none; flex: 1;"
              >
                Rename
              </span>
            </button>
            <button
              class="chakra-menu__menuitem css-1k756t9"
              data-index="1"
              id="menu-list-4-menuitem-2"
              role="menuitem"
              tabindex="-1"
              type="button"
            >
              <span
                class="chakra-menu__icon-wrapper css-15v20fh"
              >
                <svg
                  aria-hidden="true"
                  class="chakra-menu__icon"
                  fill="none"
                  focusable="false"
                  height="16"
                  stroke="currentColor"
                  stroke-linecap="round"
                  stroke-linejoin="round"
                  stroke-width="2"
                  viewBox="0 0 24 24"
                  width="16"
                  xmlns="http://www.w3.org/2000/svg"
                >
                  <polyline
                    points="3 6 5 6 21 6"
                  />
                  <path
                    d="M19 6v14a2 2 0 0 1-2 2H7a2 2 0 0 1-2-2V6m3 0V4a2 2 0 0 1 2-2h4a2 2 0 0 1 2 2v2"
                  />
                  <line
                    x1="10"
                    x2="10"
                    y1="11"
                    y2="17"
                  />
                  <line
                    x1="14"
                    x2="14"
                    y1="11"
                    y2="17"
                  />
                </svg>
              </span>
              <span
                style="pointer-events: none; flex: 1;"
              >
                Delete
              </span>
            </button>
          </div>
        </div>
      </div>
      <button
        class="chakra-button css-5c2176"
        type="button"
      >
        <span
          class="chakra-button__icon css-1wh2kri"
        >
          <svg
            aria-hidden="true"
            fill="none"
            focusable="false"
            height="16"
            stroke="currentColor"
            stroke-linecap="round"
            stroke-linejoin="round"
            stroke-width="2"
            viewBox="0 0 24 24"
            width="16"
            xmlns="http://www.w3.org/2000/svg"
          >
            <line
              x1="12"
              x2="12"
              y1="5"
              y2="19"
            />
            <line
              x1="5"
              x2="19"
              y1="12"
              y2="12"
            />
          </svg>
        </span>
        Add link
      </button>
    </div>
    <div
      class="css-gmuwbf"
    >
      <p
        class="chakra-text css-0"
      >
        No links added yet
      </p>
    </div>
  </div>
</div>
`;
